
> eduall-nextjs@0.1.0 build
> next build

▲ Next.js 16.2.6 (Turbopack)

  Creating an optimized production build ...
✓ Compiled successfully in 13.5s
  Running TypeScript ...
node.exe : Failed to type check.
At line:1 char:1
+ & "C:\Program Files\nodejs/node.exe" "C:\Users\Nvidia\AppData\Roaming ...
+ ~~~~~~~~~~~~~~~~~~~~~~~~~~~~~~~~~~~~~~~~~~~~~~~~~~~~~~~~~~~~~~~~~~~~~
    + CategoryInfo          : NotSpecified: (Failed to type check.:String) [], RemoteException
    + FullyQualifiedErrorId : NativeCommandError
 

./app/index-5/page.tsx:1749:198
Type error: Object literal may only specify known properties, and '"-LeftPercentage"' does not exist in type 
'Properties<string | number, string & {}>'.

  [90m1747 |[0m ...
  [90m1748 |[0m ...
[31m[1m>[0m [90m1749 |[0m ...[32montent-center align-items-center"[0m 
style={{[32m"-LeftPercentage"[0m:[32m"85%"[0m,[32m"animationName"[0m:[32m"an...[0m
  [90m     |[0m                                              [31m[1m^[0m
  [90m1750 |[0m ...
  [90m1751 |[0m ...
  [90m1752 |[0m ...luenow={[35m85[0m} aria-valuemin={[35m0[0m} aria-valuemax={[35m100[0m}>
Next.js build worker exited with code: 1 and signal: null
